../Src/ADXL345.c:18:6:axdl345_cs_pin_config	4	static
../Src/ADXL345.c:27:6:axdl345_cs_pin_set	4	static
../Src/ADXL345.c:32:6:axdl345_cs_pin_reset	4	static
../Src/ADXL345.c:38:6:axdl345_range_config	16	static
../Src/ADXL345.c:86:6:adxl345_accel_update	8	static
../Src/ADXL345.c:101:7:adxl345_accel_get	24	static
../Src/ADXL345.c:114:7:adxl345_get_x	8	static
../Src/ADXL345.c:120:7:adxl345_get_y	8	static
../Src/ADXL345.c:126:7:adxl345_get_z	8	static
../Src/ADXL345.c:132:6:DMA2_Stream3_IRQHandler	4	static
../Src/ADXL345.c:151:6:DMA2_Stream2_IRQHandler	4	static
