18:00:39 **** Incremental Build of configuration Debug for project 9_ADC_TIM_DMA ****
make -j4 all 
arm-none-eabi-gcc "../Src/main.c" -mcpu=cortex-m4 -std=gnu11 -g3 -DDEBUG -DSTM32 -DSTM32F4 -DSTM32F446RETx -c -I../Inc -I"D:/sakthivel/udemy/Advanced Embedded Systems Bare-Metal Programming/STM32_bare_metal_practice/9_ADC_TIM_DMA/stm_chip_headers/CMSIS/Include" -I"D:/sakthivel/udemy/Advanced Embedded Systems Bare-Metal Programming/STM32_bare_metal_practice/9_ADC_TIM_DMA/stm_chip_headers/CMSIS/Device/ST/STM32F4xx/Include" -O0 -ffunction-sections -fdata-sections -Wall -fstack-usage -fcyclomatic-complexity -MMD -MP -MF"Src/main.d" -MT"Src/main.o" --specs=nano.specs -mfpu=fpv4-sp-d16 -mfloat-abi=hard -mthumb -o "Src/main.o"
arm-none-eabi-gcc -o "9_ADC_TIM_DMA.elf" @"objects.list"   -mcpu=cortex-m4 -T"D:\sakthivel\udemy\Advanced Embedded Systems Bare-Metal Programming\STM32_bare_metal_practice\9_ADC_TIM_DMA\STM32F446RETX_FLASH.ld" --specs=nosys.specs -Wl,-Map="9_ADC_TIM_DMA.map" -Wl,--gc-sections -static --specs=nano.specs -mfpu=fpv4-sp-d16 -mfloat-abi=hard -mthumb -Wl,--start-group -lc -lm -Wl,--end-group
Finished building target: 9_ADC_TIM_DMA.elf
 
arm-none-eabi-size  9_ADC_TIM_DMA.elf 
arm-none-eabi-objdump -h -S 9_ADC_TIM_DMA.elf  > "9_ADC_TIM_DMA.list"
   text	   data	    bss	    dec	    hex	filename
   5800	     92	   1924	   7816	   1e88	9_ADC_TIM_DMA.elf
Finished building: default.size.stdout
 
Finished building: 9_ADC_TIM_DMA.list
 
18:00:44 **** Incremental Build of configuration Debug for project 9_ADC_TIM_DMA ****
make -j4 all 
arm-none-eabi-size  9_ADC_TIM_DMA.elf 
   text	   data	    bss	    dec	    hex	filename
   5800	     92	   1924	   7816	   1e88	9_ADC_TIM_DMA.elf
Finished building: default.size.stdout
 
